<html>
<body>
<pre>
<h1>µVision Build Log</h1>
<h2>Tool Versions:</h2>
IDE-Version: ¦ÌVision V5.40.0.0
Copyright (C) 2024 ARM Ltd and ARM Germany GmbH. All rights reserved.
License Information: z hc, whu, LIC=----
 
Tool Versions:
Toolchain:       MDK-Lite  Version: 5.40.0.3
Toolchain Path:  E:\keil\ARM\ARMCLANG\Bin
C Compiler:      ArmClang.exe V6.22
Assembler:       Armasm.exe V6.22
Linker/Locator:  ArmLink.exe V6.22
Library Manager: ArmAr.exe V6.22
Hex Converter:   FromElf.exe V6.22
CPU DLL:         SARMCM3.DLL V5.40.0.3
Dialog DLL:      DCM.DLL V1.17.5.0
Target DLL:      CMSIS_AGDI.dll V1.33.18.0
Dialog DLL:      TCM.DLL V1.56.4.0
 
<h2>Project:</h2>
E:\test\812\MDK-ARM\812.uvprojx
Project File Date:  08/12/2025

<h2>Output:</h2>
*** Using Compiler 'V6.22', folder: 'E:\keil\ARM\ARMCLANG\Bin'
Build target '812'
compiling main.c...
linking...
Program Size: Code=9508 RO-data=720 RW-data=20 ZI-data=34148  
FromELF: creating hex file...
"812\812.axf" - 0 Error(s), 0 Warning(s).

<h2>Software Packages used:</h2>

Package Vendor: ARM
                https://www.keil.com/pack/ARM.CMSIS.6.2.0.pack
                ARM::CMSIS@6.2.0
                CMSIS (Common Microcontroller Software Interface Standard)
   * Component: CORE Version: 6.1.1

Package Vendor: ARM
                https://www.keil.com/pack/ARM.CMSIS-Compiler.2.1.0.pack
                ARM::CMSIS-Compiler@2.1.0
                CMSIS Compiler extensions for Arm Compiler, GCC, Clang, and IAR Compiler
   * Component: STDOUT Version: 1.1.0
   * Component: CORE Version: 1.1.0
   * Component: Event Recorder Version: 1.1.0

Package Vendor: ARM
                https://www.keil.com/pack/ARM.CMSIS-View.1.2.0.pack
                ARM::CMSIS-View@1.2.0
                Debugger visualization of software events and statistics
   * Component: Event Recorder Variant: DAP Version: 1.6.0

Package Vendor: Keil
                https://www.keil.com/pack/Keil.STM32F4xx_DFP.2.17.1.pack
                Keil::STM32F4xx_DFP@2.17.1
                STMicroelectronics STM32F4 Series Device Support, Drivers and Examples

<h2>Collection of Component include folders:</h2>
  ./RTE/CMSIS-View
  ./RTE/_812
  E:/keil/ARM/CMSIS-Compiler/2.1.0/include
  E:/keil/ARM/CMSIS-View/1.2.0/EventRecorder/Include
  E:/keil/ARM/CMSIS/6.2.0/CMSIS/Core/Include
  E:/keil/Keil/STM32F4xx_DFP/2.17.1/Drivers/CMSIS/Device/ST/STM32F4xx/Include

<h2>Collection of Component Files used:</h2>

   * Component: ::CMSIS-Compiler:STDOUT(API)@1.1.0
      Include file:  include/retarget_stdout.h

   * Component: ARM::CMSIS-Compiler:CORE@1.1.0
      Source file:   source/armcc/retarget_io.c

   * Component: ARM::CMSIS-Compiler:STDOUT:Event Recorder@1.1.0
      Source file:   source/stdout_evr.c

   * Component: ARM::CMSIS-View:Event Recorder&DAP@1.6.0
      Source file:   EventRecorder/Source/EventRecorder.c
      Include file:  EventRecorder/Config/EventRecorderConf.h
      Include file:  EventRecorder/Include/EventRecorder.h

   * Component: ARM::CMSIS:CORE@6.1.1
      Include file:  CMSIS/Core/Include/tz_context.h
Build Time Elapsed:  00:00:04
</pre>
</body>
</html>
